  25/118 (102s)
  50/118 (196s)
  75/118 (307s)
  100/118 (423s)
T=6 scores built in 476s

### recall: 2s vs 6s windows, episode-onset FAR calibrated on train
setup stat  far   thr  recall    ach  snr0-5  snr5-8  snr8-12  snr12-99
 T=2s   w1    1 5.125   0.221  1.218   0.480   0.216    0.093     0.157
 T=2s   w1    3 4.719   0.281  3.239   0.561   0.295    0.132     0.194
 T=2s   w1   10 4.245   0.371  9.986   0.663   0.400    0.207     0.269
 T=2s   w1   30 3.675   0.581 26.986   0.796   0.633    0.431     0.509
 T=2s  mx3    1 5.125   0.222  1.047   0.480   0.216    0.096     0.157
 T=2s  mx3    3 4.683   0.292  2.825   0.577   0.305    0.144     0.194
 T=2s  mx3   10 4.096   0.423  9.766   0.694   0.472    0.254     0.315
 T=2s  mx3   30 3.349   0.724 29.762   0.872   0.777    0.608     0.667
 T=6s   w1    1 7.667   0.152  0.952   0.337   0.128    0.072     0.130
 T=6s   w1    3 6.996   0.206  3.026   0.434   0.180    0.108     0.167
 T=6s   w1   10 5.940   0.364  8.223   0.561   0.393    0.260     0.241
 T=6s   w1   30 4.565   0.650 29.501   0.765   0.715    0.554     0.556
 T=6s  mx3    1 7.667   0.155  0.878   0.342   0.128    0.078     0.130
 T=6s  mx3    3 6.903   0.214  2.733   0.439   0.197    0.114     0.167
 T=6s  mx3   10 5.712   0.406  8.370   0.602   0.439    0.299     0.287
 T=6s  mx3   30 4.319   0.723 27.476   0.852   0.774    0.629     0.639
