far      1      3      10     30
stat                            
mx31  0.258  0.393  0.684  1.000
sm11  0.054  0.129  0.456  0.835
sm21  0.054  0.126  0.462  1.000
sm31  0.033  0.131  0.481  1.000
tz1   0.221  0.281  0.371  0.581
tz11  0.035  0.116  0.436  0.772
tz21  0.038  0.142  0.442  1.000
tz3   0.153  0.203  0.364  0.660
tz31  0.024  0.156  0.434  1.000
tz5   0.101  0.183  0.323  0.679

stat  far    thr  recall   ach  snr0-5  snr5-8  snr8-12  snr12-99
mx31    3  4.465   0.393 2.801   0.628   0.430    0.260     0.278
 tz1    3  4.719   0.281 3.239   0.561   0.295    0.132     0.194
 tz3    3  7.014   0.203 2.971   0.423   0.177    0.111     0.157
 tz5    3  8.106   0.183 3.921   0.347   0.161    0.123     0.139
tz11    3 11.296   0.116 1.851   0.219   0.092    0.093     0.065
tz21    3 12.881   0.142 2.801   0.204   0.148    0.123     0.074
tz31    3 13.796   0.156 3.507   0.194   0.167    0.150     0.074
sm11    3  3.586   0.129 2.338   0.255   0.108    0.093     0.074
sm21    3  3.268   0.126 2.484   0.214   0.115    0.105     0.065
sm31    3  3.031   0.131 2.484   0.199   0.131    0.111     0.074
