
### recall by stat x FAR: TEST(25-124)
target_far     1      3      10     30
stat                                  
mx2         0.222  0.283  0.401  0.643
mx3         0.222  0.292  0.423  0.724
mx5         0.225  0.302  0.446  0.766
sm2         0.176  0.232  0.386  0.617
sm3         0.158  0.208  0.380  0.663
sm5         0.109  0.152  0.314  0.673
tz2         0.176  0.221  0.375  0.627
tz3         0.153  0.203  0.364  0.660
tz5         0.101  0.183  0.323  0.679
w1          0.221  0.281  0.371  0.581

### per SNR stratum at FAR=3:
      recall  achieved_far  snr0-5  snr5-8  snr8-12  snr12-99
stat                                                         
w1     0.281         3.239   0.561   0.295    0.132     0.194
mx2    0.283         2.947   0.561   0.295    0.138     0.194
sm2    0.232         2.996   0.490   0.233    0.105     0.157
mx3    0.292         2.825   0.577   0.305    0.144     0.194
sm3    0.208         3.337   0.423   0.190    0.117     0.148
mx5    0.302         2.923   0.582   0.325    0.153     0.194
sm5    0.152         2.557   0.321   0.118    0.099     0.102
tz2    0.221         2.557   0.480   0.210    0.105     0.139
tz3    0.203         2.971   0.423   0.177    0.111     0.157
tz5    0.183         3.921   0.347   0.161    0.123     0.139

### per SNR stratum at FAR=10:
      recall  achieved_far  snr0-5  snr5-8  snr8-12  snr12-99
stat                                                         
w1     0.371         9.986   0.663   0.400    0.207     0.269
mx2    0.401         9.937   0.668   0.446    0.240     0.287
sm2    0.386        10.180   0.633   0.416    0.249     0.278
mx3    0.423         9.766   0.694   0.472    0.254     0.315
sm3    0.380         9.109   0.597   0.390    0.275     0.278
mx5    0.446         9.328   0.704   0.489    0.290     0.343
sm5    0.314         6.552   0.510   0.308    0.234     0.222
tz2    0.375         9.693   0.633   0.403    0.240     0.250
tz3    0.364         8.159   0.566   0.390    0.260     0.241
tz5    0.323         6.893   0.500   0.315    0.260     0.222
