key bins: 662keV-> 54  1461-> 86  2614-> 118  1218(609+609)-> 78  2922(K40+K40)-> 126  1764-> 95

--- h5 structure: detector / diagnostics / attrs ---
detector : {}
   detector/position.acceleration_description = acceleration of detector (meters per second per second) at a 10Hz rate
   detector/position.distance_description = distance from beginning of run (meters) at a 10Hz rate
   detector/position.time_description = milliseconds from beginning of run at a 10Hz rate
   detector/position.velocity_description = velocity of detector (meters per second) at a 10Hz rate, in direction given by direction attribute
diagnostics : {'gross_count_rate_variation': ((3653,), 'float32'), 'spectral_count_rate_variation': ((3653,), 'float32'), 'variation_timestamps': ((3653,), 'float32')}
ATTR [0 1 2 3 4 5 6 7]
ATTR ['Src' 'K-40' 'U' 'Th' 'Cs137_Soil' 'Pb-214' 'Bi-214' 'Cosmics']
ATTR 7
ATTR [0 1 2 3 4 5 6 7]
ATTR ['None' '0.025cm_steel' '1cm_steel' '2cm_steel' '5cm_steel' '8cm_PMMA'
 '1cm_Al' '2cm_Al']
ATTR ['BKG' 'K-40_shielding_id=0' 'K-40_shielding_id=2' 'Co-57_shielding_id=0'
 'Co-57_shielding_id=2' 'Co-60_shielding_id=0'...
ATTR [ 0  1  2  3  4  5  6  7  8  9 10 11 12 13 14 15 16 17 18 19 20 21 22 23
 24 25 26 27 28 29 30 31 32 33 34 35 36 37 38 3...
ATTR 3668.555491
ATTR 5292045
ATTR 0.0
ATTR background ID from which this photon originated, 0 is source
ATTR elapsed time since last photon detection event (microseconds)
ATTR energy of photon detection event (keV)
ATTR source ID from which this photon originated, 0 is background

--- mean Pearson-residual spectrum per group (counts per window, smoothed 5-bin) ---
  FA(z>=4.34): n=69, mean rate=12766
  far-normal: n=12459, mean rate=5442
  high-rate-no-alarm: n=3084, mean rate=8363
              far-normal  FA(z>=4.34)  high-rate-no-alarm  FA_minus_normal  HR_minus_normal
15-50keV          -0.585       -1.537              -1.098           -0.952           -0.513
50-105keV          0.041        0.417              -0.023            0.376           -0.064
105-180keV         0.370        1.093               0.676            0.723            0.306
180-275keV         0.245        0.223               0.392           -0.022            0.147
275-391keV        -0.156       -0.416              -0.156           -0.260            0.001
391-527keV         0.032       -0.174               0.080           -0.206            0.048
527-683keV        -0.537       -1.168              -0.721           -0.631           -0.184
683-860keV        -0.018       -0.276              -0.080           -0.258           -0.062
860-1056keV        0.166       -0.005               0.124           -0.170           -0.041
1056-1273keV       0.048        0.310               0.082            0.262            0.034
1273-1511keV      -0.120       -0.178              -0.192           -0.058           -0.072
1511-1768keV       0.081        0.149               0.104            0.068            0.023
1768-2046keV      -0.005        0.020               0.012            0.025            0.017
2046-2344keV      -0.067       -0.278              -0.128           -0.211           -0.061
2344-2662keV      -0.175       -0.652              -0.310           -0.476           -0.135
2662-2957keV      -0.660       -0.888              -0.713           -0.228           -0.053
