--- detector/position ---
acceleration: shape=(36686,) dtype=float32 head=[1.4160404 1.3895601 1.3630799 1.3365996 1.3101193] range=(-1.50,1.51)
distance: shape=(36686,) dtype=float32 head=[0.         0.00703609 0.02796781 0.06253037 0.11045896] range=(0.00,15175.82)
time: shape=(36686,) dtype=uint32 head=[  0 100 200 300 400] range=(0.00,3668555.00)
velocity: shape=(36686,) dtype=float32 head=[0.         0.14028038 0.27791274 0.41289705 0.5452333 ] range=(0.00,7.58)
pos attr: acceleration_description acceleration of detector (meters per second per second) at a 10Hz rate
pos attr: distance_description distance from beginning of run (meters) at a 10Hz rate
pos attr: time_description milliseconds from beginning of run at a 10Hz rate
pos attr: velocity_description velocity of detector (meters per second) at a 10Hz rate, in direction given by direction attribute
--- diagnostics ---
gross_count_rate_variation: shape=(3653,) head=[3897. 3897. 3870. 3656. 3326. 2552.] min=80 max=5.65e+03 mean=700
spectral_count_rate_variation: shape=(3653,) head=[0.11682633 0.11602853 0.11636858 0.10093834 0.09039894 0.07159356] min=0.0507 max=0.169 mean=0.087
variation_timestamps: shape=(3653,) head=[ 7500.  8500.  9500. 10500. 11500. 12500.] min=7.5e+03 max=3.66e+06 mean=1.83e+06
dur: 3668.554983
corr distance run25 vs run26: 0.995 (len 36686 vs 36118)
corr distance run25 vs run100: 0.995 (len 36686 vs 36388)
corr distance run25 vs run124: 0.998 (len 36686 vs 36223)

--- pileup stat (1218+2922)/(662+1) by group, train far windows ---
           rate                                                                     pile                                                 lowfrac                                                 
          count       mean       std     min      25%      50%      75%      max   count  mean    std    min    25%    50%    75%    max   count   mean    std    min    25%    50%    75%    max
grp                                                                                                                                                                                              
FA         69.0  12765.899  5945.291  2275.0  6800.00  13635.0  17924.0  20922.0    69.0  0.58  0.215  0.214  0.453  0.549  0.680  1.500    69.0  0.004  0.001  0.003  0.003  0.004  0.004  0.007
hi-rate  3078.0   8553.243  2502.086  6354.0  6833.25   7554.5   9365.5  20976.0  3078.0  0.54  0.169  0.094  0.424  0.519  0.633  1.846  3078.0  0.004  0.001  0.001  0.004  0.004  0.005  0.007
norm     9381.0   4421.494  1189.957  1198.0  3586.00   4560.0   5369.0   6353.0  9381.0  0.55  0.244  0.000  0.385  0.500  0.667  3.500  9381.0  0.005  0.001  0.001  0.004  0.004  0.005  0.011

spearman(pile, rate) far windows: 0.016
CA(max rate in ┬▒60s) > 8000: 45.8% of encounters (n=177)
CA(max rate in ┬▒60s) > 10000: 18.6% of encounters (n=177)
CA(max rate in ┬▒60s) > 12000: 10.7% of encounters (n=177)
CA(max rate in ┬▒60s) > 15000: 2.8% of encounters (n=177)
CA rate quantiles: {0.5: 7670.0, 0.75: 9475.0, 0.9: 12148.0, 0.99: 16779.0}
far-window rate quantiles: {0.5: 5106.0, 0.75: 6353.0, 0.9: 8027.0, 0.99: 14704.0, 0.999: 20675.0}
