B_loo median thr: {1: 5.099, 3: 4.417, 10: 3.587}
headline recall: {1: 25.2, 3: 40.5, 10: 70.0}

=== base-name map (regex strip of "-<digits>...") ===
  Am-241           <- ['Am-241']
  BKG              <- ['BKG']
  Ba-133           <- ['Ba-133']
  Co-57            <- ['Co-57']
  Co-60            <- ['Co-60']
  Cs-137           <- ['Cs-137']
  Cu-67            <- ['Cu-67']
  DU               <- ['DU-1kg', 'DU-25kg', 'DU-5kg']
  F-18             <- ['F-18']
  FGPu             <- ['FGPu-0.5kg', 'FGPu-2kg', 'FGPu-8kg']
  HEU              <- ['HEU-10kg', 'HEU-2.5kg', 'HEU-25kg']
  I-131            <- ['I-131']
  Ir-192           <- ['Ir-192']
  Ir-192_industrial <- ['Ir-192_industrial']
  K-40             <- ['K-40']
  LEU              <- ['LEU-10kg', 'LEU-2.5kg', 'LEU-25kg']
  Lu-177           <- ['Lu-177']
  NatU             <- ['NatU-10kg', 'NatU-2.5kg', 'NatU-25kg']
  Ra-226           <- ['Ra-226']
  RefinedU         <- ['RefinedU-10kg', 'RefinedU-2.5kg', 'RefinedU-25kg']
  Sr-90            <- ['Sr-90']
  Tc-99m           <- ['Tc-99m']
  Th-232           <- ['Th-232']
  Tl-201           <- ['Tl-201']
  WGPu             <- ['WGPu-0.5kg', 'WGPu-2kg', 'WGPu-8kg']
  Xe-133           <- ['Xe-133']

groups: {'other', 'U-family', 'NORM'}
names in NORM      : K-40, Ra-226, Th-232
names in U-family  : DU, LEU, NatU, RefinedU
names in other     : Am-241, BKG, Ba-133, Co-57, Co-60, Cs-137, Cu-67, F-18, FGPu, HEU, I-131, Ir-192, Ir-192_industrial, Lu-177, Sr-90, Tc-99m, Tl-201, WGPu, Xe-133

=== old-regex mislabels (base name: old grp | new grp) ===
  Cs-137           old=bg-confounded  new=other
  FGPu-0.5kg       old=bg-confounded  new=other
  HEU-10kg         old=bg-confounded  new=other
  Sr-90            old=bg-confounded  new=other
  WGPu-0.5kg       old=bg-confounded  new=other

=== per-BASE-isotope recall (test, B_loo thr, run-cluster boot 95% CI) ===
base                n med_snr @FAR1  [lo-hi] @FAR3  [lo-hi] @FAR10  [lo-hi]
Am-241             30     4.8  66.7[50.0,82.2]  76.7[62.1,90.3]  83.3[69.0,96.6] 
Ba-133             19     6.1   5.3[ 0.0,15.8]  26.3[ 5.3,47.4]  57.9[36.8,78.9] 
Co-57              26     5.1  80.8[64.0,96.0] 100.0[100.0,100.0] 100.0[100.0,100.0] 
Co-60              12     4.1   8.3[ 0.0,25.1]  25.0[ 6.5,54.5]  75.0[45.5,93.5] 
Cs-137             25     4.9  12.0[ 0.0,24.0]  20.0[ 6.8,34.8]  60.0[37.5,79.2] 
DU                 93     9.0  10.8[ 4.9,17.9]  22.6[14.3,31.4]  47.3[37.8,56.0] 
F-18               19     6.5  10.5[ 0.0,26.3]  21.1[ 5.3,42.1]  63.2[42.1,84.2] 
FGPu               86     3.8  43.0[32.3,53.7]  53.5[44.2,63.2]  86.0[78.5,92.1] 
HEU                92     6.0  56.5[46.6,65.9]  78.3[69.2,86.1]  97.8[94.6,100.0] 
I-131               8     7.7  25.0[ 0.0,62.5]  62.5[25.0,87.5]  75.0[50.0,100.0] 
Ir-192             32     7.1   9.4[ 0.0,19.4]  18.8[ 6.7,31.0]  68.8[53.3,83.3] 
K-40               30     5.8  13.3[ 3.3,25.0]  30.0[14.3,45.2]  70.0[53.3,86.2] 
LEU                85     9.4   4.7[ 1.1, 9.6]  22.4[14.1,32.1]  54.1[44.0,64.8] 
NatU               86     8.7  10.5[ 4.9,17.6]  27.9[18.1,39.0]  58.1[47.8,69.3] 
Ra-226             33     9.5   3.0[ 0.0, 9.7]  24.2[12.1,38.7]  75.8[60.6,88.3] 
RefinedU           86     9.1   7.0[ 2.3,13.4]  17.4[ 9.5,25.9]  57.0[46.0,67.4] 
Sr-90              17     8.8  23.5[ 5.9,47.1]  35.3[11.8,58.8]  76.5[52.9,94.1] 
Tc-99m             13     5.7  23.1[ 6.7,50.0]  30.8[ 7.7,61.5]  69.2[42.9,91.7] 
Th-232             30     9.2  13.3[ 3.1,25.0]  30.0[12.9,46.9]  56.7[37.9,73.3] 
Tl-201             16     3.7  43.8[18.8,68.8]  75.0[50.0,93.8]  87.5[68.8,100.0] 
WGPu               94     5.1  42.6[33.0,51.8]  58.5[48.8,67.4]  78.7[70.3,86.2] 
Xe-133             11     3.3  36.4[ 9.1,63.6]  45.5[18.2,72.7]  72.7[45.5,100.0] 

=== per-GROUP recall (test) ===
NORM       n=  93 med_snr=  8.8 | @FAR1:   9.7% [ 4.3,16.5] | @FAR3:  28.0% [20.0,36.7] | @FAR10:  67.7% [58.7,78.1] 
U-family   n= 350 med_snr=  9.0 | @FAR1:   8.3% [ 5.4,11.2] | @FAR3:  22.6% [17.9,27.3] | @FAR10:  54.0% [48.4,59.7] 
other      n= 500 med_snr=  5.7 | @FAR1:  40.0% [35.6,44.5] | @FAR3:  55.4% [51.0,60.2] | @FAR10:  81.6% [78.1,85.1] 
