=== PD50 fits ===
Co-60   test  snr_peak  FAR 1: n= 12 hit=  8.3%  PD50 NOT CONVERGED (no monotone logistic fit)
Co-60   test  snr_peak  FAR 3: n= 12 hit= 25.0%  PD50 NOT CONVERGED (no monotone logistic fit)
Co-60   test  snr_peak  FAR10: n= 12 hit= 75.0%  PD50=  0.43 [0.00,4.82] (C=1000000.0)
Co-60   test  snr_dir   FAR 1: n= 12 hit=  8.3%  PD50 NOT CONVERGED (no monotone logistic fit)
Co-60   test  snr_dir   FAR 3: n= 12 hit= 25.0%  PD50= 11.52 [0.87,57.67] (C=1000000.0)
Co-60   test  snr_dir   FAR10: n= 12 hit= 75.0%  PD50 NOT CONVERGED (no monotone logistic fit)
Co-60   all   snr_peak  FAR 1: n= 15 hit= 13.3%  PD50= 14.74 [5.63,53.29] (C=1000000.0)
Co-60   all   snr_peak  FAR 3: n= 12 hit= 25.0%  PD50 NOT CONVERGED (no monotone logistic fit)
Co-60   all   snr_peak  FAR10: n= 12 hit= 75.0%  PD50=  0.43 [0.00,4.82] (C=1000000.0)
Co-60   all   snr_dir   FAR 1: n= 15 hit= 13.3%  PD50 NOT CONVERGED (no monotone logistic fit)
Co-60   all   snr_dir   FAR 3: n= 12 hit= 25.0%  PD50= 11.52 [0.87,57.67] (C=1000000.0)
Co-60   all   snr_dir   FAR10: n= 12 hit= 75.0%  PD50 NOT CONVERGED (no monotone logistic fit)
Am-241  test  snr_peak  FAR 1: n= 30 hit= 66.7%  PD50=  0.31 [0.00,3.80] (C=1000000.0)
Am-241  test  snr_peak  FAR 3: n= 30 hit= 76.7%  PD50 NOT CONVERGED (no monotone logistic fit)
Am-241  test  snr_peak  FAR10: n= 30 hit= 83.3%  PD50 NOT CONVERGED (no monotone logistic fit)
Am-241  test  snr_dir   FAR 1: n= 30 hit= 66.7%  PD50=  0.32 [0.00,1.23] (C=1000000.0)
Am-241  test  snr_dir   FAR 3: n= 30 hit= 76.7%  PD50=  0.07 [0.00,0.82] (C=1000000.0)
Am-241  test  snr_dir   FAR10: n= 30 hit= 83.3%  PD50=  0.00 [0.00,0.58] (C=1000000.0)
Am-241  all   snr_peak  FAR 1: n= 37 hit= 70.3%  PD50 NOT CONVERGED (no monotone logistic fit)
Am-241  all   snr_peak  FAR 3: n= 30 hit= 76.7%  PD50 NOT CONVERGED (no monotone logistic fit)
Am-241  all   snr_peak  FAR10: n= 30 hit= 83.3%  PD50 NOT CONVERGED (no monotone logistic fit)
Am-241  all   snr_dir   FAR 1: n= 37 hit= 70.3%  PD50=  0.00 [0.00,0.73] (C=1000000.0)
Am-241  all   snr_dir   FAR 3: n= 30 hit= 76.7%  PD50=  0.07 [0.00,0.82] (C=1000000.0)
Am-241  all   snr_dir   FAR10: n= 30 hit= 83.3%  PD50=  0.00 [0.00,0.58] (C=1000000.0)

=== empirical binned PD (snr_peak, test, FAR1) ===
Co-60: by snr_peak quartile bins:
  snr  3.45- 3.99: n= 4 PD= 25.0%
  snr  3.99- 4.19: n= 4 PD=  0.0%
  snr  4.19- 9.95: n= 4 PD=  0.0%
  (FAR10 overall PD=75.0%)
Am-241: by snr_peak quartile bins:
  snr  2.11- 2.66: n=10 PD= 70.0%
  snr  2.66- 5.04: n=10 PD= 60.0%
  snr  5.04-12.01: n=10 PD= 70.0%
  (FAR10 overall PD=83.3%)
