M/U rebuilt: bg components 7, templates 61  (24s)
control check run25: max|dz|=4.268e-07
t3_stats.pkl loaded (skip rebuild), runs=123
stats built in 25s

=== task-3 (test 25-124, B_loo, +-60 s, run-cluster boot CI) ===

--- stat = mx31 ---
@FAR 1: thr med= 5.099  overall= 25.2% [22.4,28.0] | NORM   9.7%[ 4.3,16.5] | U-family   8.3%[ 5.4,11.2] | other  40.0%[35.6,44.5]
@FAR 3: thr med= 4.417  overall= 40.5% [37.1,43.8] | NORM  28.0%[20.0,36.7] | U-family  22.6%[17.9,27.3] | other  55.4%[51.0,60.2]
@FAR10: thr med= 3.587  overall= 70.0% [66.7,73.5] | NORM  67.7%[58.7,78.1] | U-family  54.0%[48.4,59.7] | other  81.6%[78.1,85.1]

--- stat = bank ---
@FAR 1: thr med= 8.209  overall= 17.0% [14.7,19.7] | NORM   7.5%[ 3.1,12.9] | U-family   6.6%[ 4.1, 9.4] | other  26.0%[22.3,30.2]
@FAR 3: thr med= 6.900  overall= 33.6% [30.6,37.0] | NORM  26.9%[18.9,35.7] | U-family  19.1%[14.7,23.8] | other  45.0%[40.4,50.1]
@FAR10: thr med= 5.013  overall= 73.1% [69.9,76.1] | NORM  66.7%[57.3,77.0] | U-family  60.3%[54.3,66.0] | other  83.2%[79.8,86.5]

--- stat = lrt ---
@FAR 1: thr med=124.596  overall=  7.0% [ 5.2, 8.9] | NORM   0.0%[ 0.0, 0.0] | U-family   1.4%[ 0.3, 3.1] | other  12.2%[ 9.2,15.4]
@FAR 3: thr med=101.051  overall= 12.6% [10.2,15.3] | NORM   3.2%[ 0.0, 7.4] | U-family   2.9%[ 1.1, 4.9] | other  21.2%[17.5,25.1]
@FAR10: thr med=61.030  overall= 40.1% [36.7,43.5] | NORM  23.7%[15.5,32.6] | U-family  24.3%[19.3,29.5] | other  54.2%[50.4,58.0]

control mx31 overall: {1: 25.2, 3: 40.5, 10: 70.0}  (ожидаем {1.0: 25.2, 3.0: 40.5, 10.0: 70.0})

=== сводка: дельта к mx31 (overall) ===
  FAR 1 bank :  17.0% vs  25.2%  Δ= -8.3 п.п.
  FAR 1 lrt  :   7.0% vs  25.2%  Δ=-18.2 п.п.
  FAR 3 bank :  33.6% vs  40.5%  Δ= -6.9 п.п.
  FAR 3 lrt  :  12.6% vs  40.5%  Δ=-27.9 п.п.
  FAR10 bank :  73.1% vs  70.0%  Δ= +3.1 п.п.
  FAR10 lrt  :  40.1% vs  70.0%  Δ=-29.9 п.п.
