M/U rebuilt: 7 bg, 61 templates (17s)
  run 0 (1/123)  39s
  run 12 (11/123)  199s
  run 22 (21/123)  329s
  run 32 (31/123)  439s
  run 42 (41/123)  548s
  run 52 (51/123)  656s
  run 62 (61/123)  769s
  run 72 (71/123)  890s
  run 82 (81/123)  999s
  run 92 (91/123)  1110s
  run 102 (101/123)  1222s
  run 112 (111/123)  1328s
  run 122 (121/123)  1434s
series built in 1457s
=== control mx31 (frozen protocol) ===
@FAR 1:  25.2% [22.4,28.0]
@FAR 3:  40.5% [37.1,43.8]
@FAR10:  70.0% [66.7,73.5]

=== raw LRT check: lam=0 through new code path (t3 gave 7.0/12.6/40.1) ===
@FAR 1:   7.0%
@FAR 3:  12.6%
@FAR10:  40.1%

=== TASK 1: L2-regularized joint-fit LRT, lambda sweep ===
(threshold: B_loo; encounter +-60 s; CI: run-cluster bootstrap; groups: corrected map §4.1)
lam= 1.0e-05 | @FAR 1:   7.4%[ 5.7, 9.3] vs 25.2 | @FAR 3:  12.6%[10.4,15.2] vs 40.5 | @FAR10:  40.7%[37.3,44.0] vs 70.0 || med thr   110.5
   per-group @FAR1: NORM   0.0% U-family   1.1% other  13.2%  @FAR10: NORM  25.8% U-family  23.4% other  55.6%
lam= 3.2e-05 | @FAR 1:   6.4%[ 4.8, 8.0] vs 25.2 | @FAR 3:  11.8%[ 9.4,14.3] vs 40.5 | @FAR10:  39.3%[36.2,42.2] vs 70.0 || med thr   107.0
   per-group @FAR1: NORM   0.0% U-family   1.1% other  11.2%  @FAR10: NORM  24.7% U-family  19.4% other  56.0%
lam= 1.0e-04 | @FAR 1:   4.2%[ 2.9, 5.7] vs 25.2 | @FAR 3:   8.4%[ 6.5,10.6] vs 40.5 | @FAR10:  38.8%[35.6,41.7] vs 70.0 || med thr   104.6
   per-group @FAR1: NORM   0.0% U-family   1.1% other   7.2%  @FAR10: NORM  25.8% U-family  19.4% other  54.8%
lam= 3.2e-04 | @FAR 1:   2.0%[ 1.2, 3.0] vs 25.2 | @FAR 3:   5.0%[ 3.4, 6.8] vs 40.5 | @FAR10:  31.3%[28.2,34.4] vs 70.0 || med thr   102.2
   per-group @FAR1: NORM   0.0% U-family   1.1% other   3.0%  @FAR10: NORM  25.8% U-family  17.7% other  41.8%
lam= 1.0e-03 | @FAR 1:   0.6%[ 0.1, 1.3] vs 25.2 | @FAR 3:   3.5%[ 2.2, 5.0] vs 40.5 | @FAR10:  24.5%[21.5,27.6] vs 70.0 || med thr   102.1
   per-group @FAR1: NORM   0.0% U-family   1.1% other   0.4%  @FAR10: NORM  25.8% U-family  16.6% other  29.8%
lam= 3.2e-03 | @FAR 1:   0.6%[ 0.1, 1.3] vs 25.2 | @FAR 3:   3.4%[ 2.1, 4.9] vs 40.5 | @FAR10:  20.5%[17.8,23.2] vs 70.0 || med thr   102.0
   per-group @FAR1: NORM   0.0% U-family   1.1% other   0.4%  @FAR10: NORM  25.8% U-family  16.6% other  22.2%
lam= 1.0e-02 | @FAR 1:   0.6%[ 0.1, 1.3] vs 25.2 | @FAR 3:   3.4%[ 2.1, 4.9] vs 40.5 | @FAR10:  19.8%[17.1,22.6] vs 70.0 || med thr   101.9
   per-group @FAR1: NORM   0.0% U-family   1.1% other   0.4%  @FAR10: NORM  25.8% U-family  16.6% other  21.0%
lam= 3.2e-02 | @FAR 1:   0.6%[ 0.1, 1.3] vs 25.2 | @FAR 3:   3.4%[ 2.1, 4.9] vs 40.5 | @FAR10:  19.8%[17.1,22.6] vs 70.0 || med thr   101.9
   per-group @FAR1: NORM   0.0% U-family   1.1% other   0.4%  @FAR10: NORM  25.8% U-family  16.6% other  21.0%
lam= 1.0e-01 | @FAR 1:   0.6%[ 0.1, 1.3] vs 25.2 | @FAR 3:   3.4%[ 2.1, 4.9] vs 40.5 | @FAR10:  19.8%[17.1,22.6] vs 70.0 || med thr   101.9
   per-group @FAR1: NORM   0.0% U-family   1.1% other   0.4%  @FAR10: NORM  25.8% U-family  16.6% other  21.0%

=== вердикт ===
@FAR1: best lam=1e-05 recall=7.4% [5.7,9.3] vs mx31 25.2% [22.4,28.0] — вне CI mx31 (ухудшение)
@FAR3: best lam=1e-05 recall=12.6% [10.4,15.2] vs mx31 40.5% [37.1,43.8] — вне CI mx31 (ухудшение)
@FAR10: best lam=1e-05 recall=40.7% [37.3,44.0] vs mx31 70.0% [66.7,73.5] — вне CI mx31 (ухудшение)
