masks built (0s)
train pool: 16466 win (pos 4415, bg 12051) | val 3848 win (pos 1020)
  epoch  1: val AUC 0.5247
  epoch  3: val AUC 0.6241
  epoch  6: val AUC 0.6365
  epoch  9: val AUC 0.6532
  epoch 12: val AUC 0.6470
  epoch 15: val AUC 0.6513
  epoch 18: val AUC 0.6511
  epoch 21: val AUC 0.6181
  epoch 24: val AUC 0.6331
  epoch 27: val AUC 0.6074
  epoch 30: val AUC 0.5923
best epoch 9: val AUC 0.6532 | NORM-vs-bg 0.7148 | U-family-vs-bg 0.6400
  scored 25/123 (169s)
  scored 50/123 (210s)
  scored 75/123 (251s)
  scored 100/123 (295s)
training+scoring done in 331s

=== контроль: mx31 (тот же протокол) ===
@FAR 1:  25.2% [22.4,28.0] | NORM   9.7% U-family   8.3% other  40.0%
@FAR 3:  40.5% [37.1,43.8] | NORM  28.0% U-family  22.6% other  55.4%
@FAR10:  70.0% [66.7,73.5] | NORM  67.7% U-family  54.0% other  81.6%

=== TASK 2b: waterfall-CNN (val AUC 0.653, best epoch 9, NORM-vs-bg 0.715, U-vs-bg 0.640) ===
train pool: pos 4415 / bg 12051 (train runs only; epoch pick on val)

--- raw logit ---
@FAR 1 (ach  0.9): all   3.7%[ 2.4, 5.3] | NORM   7.5% U-family   3.1% other   3.4% | mx31 per-group:   9.7%   8.3%  40.0%
@FAR 3 (ach  2.8): all  14.1%[11.5,16.7] | NORM  18.3% U-family  12.3% other  14.6% | mx31 per-group:  28.0%  22.6%  55.4%
@FAR10 (ach  9.7): all  32.3%[28.9,36.4] | NORM  35.5% U-family  28.0% other  34.8% | mx31 per-group:  67.7%  54.0%  81.6%

--- roll31 logit ---
@FAR 1 (ach  0.9): all   4.5%[ 3.0, 6.0] | NORM   8.6% U-family   3.4% other   4.4% | mx31 per-group:   9.7%   8.3%  40.0%
@FAR 3 (ach  2.9): all  20.3%[17.2,23.6] | NORM  22.6% U-family  17.4% other  21.8% | mx31 per-group:  28.0%  22.6%  55.4%
@FAR10 (ach  9.8): all  66.6%[63.4,70.4] | NORM  67.7% U-family  64.6% other  67.8% | mx31 per-group:  67.7%  54.0%  81.6%
