=== A) per-2s-window gross counts (all events, no energy cut) ===
 run  mean_all  std_all  sqrt_mean  ratio  mean_bg  std_bg  cv_bg_pct  p5_bg  p95_bg
   0    5202.8   2304.6       72.1   31.9   5190.6  2304.7       44.4 1950.2  9173.5
   1    5276.5   1661.5       72.6   22.9   5263.7  1661.8       31.6 2858.0  7703.2
   2    6234.1   3246.2       79.0   41.1   6223.3  3245.5       52.2 2545.0 14200.6
   3    5525.5   2148.9       74.3   28.9   5502.1  2158.3       39.2 2854.1  8631.4
  20    6007.4   2624.8       77.5   33.9   5987.9  2620.8       43.8 2733.1  9974.9
  50    6008.7   2318.0       77.5   29.9   5994.8  2330.3       38.9 2476.2  9647.0

run0 bg lag1 autocorr: 0.974  lag10 (20s): 0.631  lag150 (300s): -0.026

=== B) SNR field vs raw tagged source counts per encounter ===
n encounters: 239
corr(count_120s, snr) pearson: 0.603  spearman: 0.68
corr(count_all,  snr) spearman: 0.628

shielding effect (median cnt_all & snr by shielding):
          n  cnt_all    snr
shield                     
0       104   1644.0   5.83
2       106   3132.0   8.37
5        25   1389.0   5.67
6         4   4242.5  14.02

examples of count-vs-SNR disagreement (cnt_all>1500 but low snr, or cnt<400 but high snr):
 run  src_id  shield      snr  cnt_120s  cnt_all                    name
  16      17       0 2.694711      1716     1717   Am-241_shielding_id=0
   7       7       0 2.953920      1309     2523   Cs-137_shielding_id=0
   7       7       0 3.331858      1214     2523   Cs-137_shielding_id=0
  20       7       0 3.894718      2306     2306   Cs-137_shielding_id=0
  23       5       0 3.972583      2833     2833    Co-60_shielding_id=0
   5       4       2 4.358468      1102     3407    Co-57_shielding_id=2
   7      46       2 4.477923      3083     3085 HEU-25kg_shielding_id=2
  13       4       2 4.676329      2217     4445    Co-57_shielding_id=2
Empty DataFrame
Columns: [run, src_id, shield, snr, cnt_120s, cnt_all, name]
Index: []

snr field stats: {'count': 239.0, 'mean': 7.66, 'std': 3.75, 'min': 2.08, '25%': 5.23, '50%': 7.47, '75%': 9.0, 'max': 20.01}
